// Jest Snapshot v1, https://goo.gl/fbAQLP

exports[`FooterContainer should render correctly 1`] = `
.c8 {
  padding: 0.5rem 0 0.5rem;
  color: #FFFFFF;
  font-weight: 700;
  -webkit-text-decoration: none;
  text-decoration: none;
  display: block;
}

.c11 {
  padding: 0.5rem 0 0.5rem;
  color: #FFFFFF;
  font-weight: 700;
  -webkit-text-decoration: none;
  text-decoration: none;
  display: inline;
}

.c7:hover .c9,
.c7:focus .c9 {
  padding-bottom: 2px;
  border-bottom: 2px solid #FFFFFF;
}

.c5 {
  border-bottom: 1px solid #3F3F42;
  display: grid;
  grid-auto-flow: column;
  list-style-type: none;
  margin: 0;
  padding: 0 0 0.5rem;
}

.c5 > li:first-child {
  border-bottom: 1px solid #3F3F42;
  padding: 0.5rem 0;
  margin-bottom: 0.5rem;
  grid-column: 1/-1;
}

.c6 {
  min-width: 50%;
}

.c3 {
  background-color: #222222;
  font-size: 0.875rem;
  line-height: 1rem;
  font-family: ReithSans,Helvetica,Arial,sans-serif;
  font-weight: 400;
  font-style: normal;
}

.c4 {
  max-width: 80rem;
  margin: 0 auto;
}

.c10 {
  color: #FFFFFF;
  margin: 0;
  padding: 1rem 0;
}

.c1 {
  max-width: 80rem;
  margin: 0 auto;
}

.c0 {
  background-color: #B80000;
  height: 3.5rem;
  width: 100%;
  padding: 0 0.5rem;
  border-top: 0.0625rem solid transparent;
}

.c2 {
  display: inline-block;
  width: 100%;
  max-width: NaNrem;
  min-width: NaNrem;
}

@media (max-width:14.9375rem) {
  .c5 {
    grid-auto-flow: row;
  }
}

@media (min-width:15rem) and (max-width:37.4375rem) {
  .c5 {
    grid-column-gap: 0.5rem;
    grid-template-columns: repeat(2,1fr);
    grid-template-rows: repeat( 1,auto );
  }
}

@media (min-width:37.5rem) and (max-width:62.9375rem) {
  .c5 {
    grid-column-gap: 1rem;
    grid-template-columns: repeat(3,1fr);
    grid-template-rows: repeat( 1,auto );
  }
}

@media (min-width:63rem) and (max-width:80rem) {
  .c5 {
    grid-column-gap: 1rem;
    grid-template-columns: repeat(4,1fr);
    grid-template-rows: repeat( 1,auto );
  }
}

@media (min-width:80rem) {
  .c5 {
    grid-column-gap: 1rem;
    grid-template-columns: repeat(5,1fr);
    grid-template-rows: repeat( 1,auto );
  }
}

@supports not (display:grid) {
  .c5 > li:first-child {
    width: 100%;
  }
}

@supports not (display:grid) {
  .c6 {
    display: inline-block;
  }
}

@media (max-width:25rem) {
  .c3 {
    padding: 0 0.5rem;
  }
}

@media (min-width:25rem) {
  .c3 {
    padding: 0 1rem;
  }
}

@media (min-width:20rem) and (max-width:37.4375rem) {
  .c3 {
    line-height: 1.125rem;
  }
}

@media (min-width:37.5rem) {
  .c3 {
    font-size: 0.8125rem;
  }
}

@media (min-width:25rem) {
  .c0 {
    height: 5rem;
    padding: 0 1rem;
  }
}

<footer
  role="contentinfo"
>
  <div
    className="c0"
  >
    <div
      className="c1"
    >
      <a
        className="c2"
        href="/news"
      />
    </div>
  </div>
  <div
    className="c3"
  >
    <div
      className="c4"
    >
      <ul
        className="c5"
        role="list"
      >
        <li
          className="c6"
          role="listitem"
        >
          <a
            className="c7 c8"
            href="https://www.bbc.com/yoruba/institutional-48528718"
          >
            <span
              className="c9"
            >
              Why you can trust the BBC
            </span>
          </a>
        </li>
      </ul>
      <p
        className="c10"
      >
        Â© 3000 BBC. The BBC is not responsible for the content of external sites. 
        <a
          className="c7 c11"
          href="https://www.bbc.co.uk/help/web/links/"
        >
          <span
            className="c9"
          >
            Read about our approach to external linking.
          </span>
        </a>
      </p>
    </div>
  </div>
</footer>
`;

exports[`FooterContainer should render null when footer config not availible 1`] = `null`;
