// Jest Snapshot v1, https://goo.gl/fbAQLP

exports[`ToggleContext should provide a toggles object 1`] = `
<span>
  {"toggleState":{"test":{"mpulse":{"enabled":false},"audioVideo":{"enabled":true}},"live":{"mpulse":{"enabled":false},"audioVideo":{"enabled":false}}}}
</span>
`;
