// Jest Snapshot v1, https://goo.gl/fbAQLP

exports[`withLoading HOC and no loading prop should return the passed in component 1`] = `<Component />`;

exports[`withLoading HOC and the loading prop set to true should return the loading component 1`] = `
<main
  role="main"
>
  <ForwardRef(GhostGrid)>
    <ForwardRef(GridItemConstrainedMedium)
      gridColumnStart={6}
      gridSpan={10}
    />
  </ForwardRef(GhostGrid)>
</main>
`;
