// Jest Snapshot v1, https://goo.gl/fbAQLP

exports[`withError HOC with error should return the errorMain component 1`] = `
<ErrorMain
  status={500}
/>
`;

exports[`withError HOC with no error should return the passed in component 1`] = `<Component />`;
